// Jest Snapshot v1, https://jestjs.io/docs/snapshot-testing

exports[`ColorPicker.Semantic rtl render component should be rendered correctly in RTL direction 1`] = `
<div
  aria-describedby="test-id"
  class="ant-color-picker-trigger css-var-root ant-color-picker-css-var ant-color-picker-rtl"
>
  <div
    class="ant-color-picker-clear"
  />
</div>
`;
