// Jest Snapshot v1, https://goo.gl/fbAQLP

exports[`renders components/notification/demo/basic.tsx extend context correctly 1`] = `
<button
  class="ant-btn ant-btn-primary ant-btn-color-primary ant-btn-variant-solid"
  type="button"
>
  <span>
    Open the notification box
  </span>
</button>
`;

exports[`renders components/notification/demo/basic.tsx extend context correctly 2`] = `[]`;

exports[`renders components/notification/demo/custom-icon.tsx extend context correctly 1`] = `
<button
  class="ant-btn ant-btn-primary ant-btn-color-primary ant-btn-variant-solid"
  type="button"
>
  <span>
    Open the notification box
  </span>
</button>
`;

exports[`renders components/notification/demo/custom-icon.tsx extend context correctly 2`] = `[]`;

exports[`renders components/notification/demo/custom-style.tsx extend context correctly 1`] = `
<button
  class="ant-btn ant-btn-primary ant-btn-color-primary ant-btn-variant-solid"
  type="button"
>
  <span>
    Open the notification box
  </span>
</button>
`;

exports[`renders components/notification/demo/custom-style.tsx extend context correctly 2`] = `[]`;

exports[`renders components/notification/demo/duration.tsx extend context correctly 1`] = `
<button
  class="ant-btn ant-btn-primary ant-btn-color-primary ant-btn-variant-solid"
  type="button"
>
  <span>
    Open the notification box
  </span>
</button>
`;

exports[`renders components/notification/demo/duration.tsx extend context correctly 2`] = `[]`;

exports[`renders components/notification/demo/hooks.tsx extend context correctly 1`] = `
Array [
  <div
    class="ant-space ant-space-horizontal ant-space-align-center ant-space-gap-row-small ant-space-gap-col-small"
  >
    <div
      class="ant-space-item"
    >
      <button
        class="ant-btn ant-btn-primary ant-btn-color-primary ant-btn-variant-solid"
        type="button"
      >
        <span
          class="ant-btn-icon"
        >
          <span
            aria-label="radius-upleft"
            class="anticon anticon-radius-upleft"
            role="img"
          >
            <svg
              aria-hidden="true"
              data-icon="radius-upleft"
              fill="currentColor"
              focusable="false"
              height="1em"
              viewBox="64 64 896 896"
              width="1em"
            >
              <path
                d="M656 200h56c4.4 0 8-3.6 8-8v-56c0-4.4-3.6-8-8-8h-56c-4.4 0-8 3.6-8 8v56c0 4.4 3.6 8 8 8zm58 624h-56c-4.4 0-8 3.6-8 8v56c0 4.4 3.6 8 8 8h56c4.4 0 8-3.6 8-8v-56c0-4.4-3.6-8-8-8zM192 650h-56c-4.4 0-8 3.6-8 8v56c0 4.4 3.6 8 8 8h56c4.4 0 8-3.6 8-8v-56c0-4.4-3.6-8-8-8zm0 174h-56c-4.4 0-8 3.6-8 8v56c0 4.4 3.6 8 8 8h56c4.4 0 8-3.6 8-8v-56c0-4.4-3.6-8-8-8zm696-696h-56c-4.4 0-8 3.6-8 8v56c0 4.4 3.6 8 8 8h56c4.4 0 8-3.6 8-8v-56c0-4.4-3.6-8-8-8zm0 174h-56c-4.4 0-8 3.6-8 8v56c0 4.4 3.6 8 8 8h56c4.4 0 8-3.6 8-8v-56c0-4.4-3.6-8-8-8zm0 174h-56c-4.4 0-8 3.6-8 8v56c0 4.4 3.6 8 8 8h56c4.4 0 8-3.6 8-8v-56c0-4.4-3.6-8-8-8zm0 174h-56c-4.4 0-8 3.6-8 8v56c0 4.4 3.6 8 8 8h56c4.4 0 8-3.6 8-8v-56c0-4.4-3.6-8-8-8zm0 174h-56c-4.4 0-8 3.6-8 8v56c0 4.4 3.6 8 8 8h56c4.4 0 8-3.6 8-8v-56c0-4.4-3.6-8-8-8zm-348 0h-56c-4.4 0-8 3.6-8 8v56c0 4.4 3.6 8 8 8h56c4.4 0 8-3.6 8-8v-56c0-4.4-3.6-8-8-8zm-174 0h-56c-4.4 0-8 3.6-8 8v56c0 4.4 3.6 8 8 8h56c4.4 0 8-3.6 8-8v-56c0-4.4-3.6-8-8-8zm174-696H358c-127 0-230 103-230 230v182c0 4.4 3.6 8 8 8h56c4.4 0 8-3.6 8-8V358c0-87.3 70.7-158 158-158h182c4.4 0 8-3.6 8-8v-56c0-4.4-3.6-8-8-8z"
              />
            </svg>
          </span>
        </span>
        <span>
          topLeft
        </span>
      </button>
    </div>
    <div
      class="ant-space-item"
    >
      <button
        class="ant-btn ant-btn-primary ant-btn-color-primary ant-btn-variant-solid"
        type="button"
      >
        <span
          class="ant-btn-icon"
        >
          <span
            aria-label="radius-upright"
            class="anticon anticon-radius-upright"
            role="img"
          >
            <svg
              aria-hidden="true"
              data-icon="radius-upright"
              fill="currentColor"
              focusable="false"
              height="1em"
              viewBox="64 64 896 896"
              width="1em"
            >
              <path
                d="M368 128h-56c-4.4 0-8 3.6-8 8v56c0 4.4 3.6 8 8 8h56c4.4 0 8-3.6 8-8v-56c0-4.4-3.6-8-8-8zm-2 696h-56c-4.4 0-8 3.6-8 8v56c0 4.4 3.6 8 8 8h56c4.4 0 8-3.6 8-8v-56c0-4.4-3.6-8-8-8zm522-174h-56c-4.4 0-8 3.6-8 8v56c0 4.4 3.6 8 8 8h56c4.4 0 8-3.6 8-8v-56c0-4.4-3.6-8-8-8zm0 174h-56c-4.4 0-8 3.6-8 8v56c0 4.4 3.6 8 8 8h56c4.4 0 8-3.6 8-8v-56c0-4.4-3.6-8-8-8zM192 128h-56c-4.4 0-8 3.6-8 8v56c0 4.4 3.6 8 8 8h56c4.4 0 8-3.6 8-8v-56c0-4.4-3.6-8-8-8zm0 174h-56c-4.4 0-8 3.6-8 8v56c0 4.4 3.6 8 8 8h56c4.4 0 8-3.6 8-8v-56c0-4.4-3.6-8-8-8zm0 174h-56c-4.4 0-8 3.6-8 8v56c0 4.4 3.6 8 8 8h56c4.4 0 8-3.6 8-8v-56c0-4.4-3.6-8-8-8zm0 174h-56c-4.4 0-8 3.6-8 8v56c0 4.4 3.6 8 8 8h56c4.4 0 8-3.6 8-8v-56c0-4.4-3.6-8-8-8zm0 174h-56c-4.4 0-8 3.6-8 8v56c0 4.4 3.6 8 8 8h56c4.4 0 8-3.6 8-8v-56c0-4.4-3.6-8-8-8zm348 0h-56c-4.4 0-8 3.6-8 8v56c0 4.4 3.6 8 8 8h56c4.4 0 8-3.6 8-8v-56c0-4.4-3.6-8-8-8zm174 0h-56c-4.4 0-8 3.6-8 8v56c0 4.4 3.6 8 8 8h56c4.4 0 8-3.6 8-8v-56c0-4.4-3.6-8-8-8zm-48-696H484c-4.4 0-8 3.6-8 8v56c0 4.4 3.6 8 8 8h182c87.3 0 158 70.7 158 158v182c0 4.4 3.6 8 8 8h56c4.4 0 8-3.6 8-8V358c0-127-103-230-230-230z"
              />
            </svg>
          </span>
        </span>
        <span>
          topRight
        </span>
      </button>
    </div>
  </div>,
  <div
    class="ant-divider ant-divider-horizontal"
    role="separator"
  />,
  <div
    class="ant-space ant-space-horizontal ant-space-align-center ant-space-gap-row-small ant-space-gap-col-small"
  >
    <div
      class="ant-space-item"
    >
      <button
        class="ant-btn ant-btn-primary ant-btn-color-primary ant-btn-variant-solid"
        type="button"
      >
        <span
          class="ant-btn-icon"
        >
          <span
            aria-label="radius-bottomleft"
            class="anticon anticon-radius-bottomleft"
            role="img"
          >
            <svg
              aria-hidden="true"
              data-icon="radius-bottomleft"
              fill="currentColor"
              focusable="false"
              height="1em"
              viewBox="64 64 896 896"
              width="1em"
            >
              <path
                d="M712 824h-56c-4.4 0-8 3.6-8 8v56c0 4.4 3.6 8 8 8h56c4.4 0 8-3.6 8-8v-56c0-4.4-3.6-8-8-8zm2-696h-56c-4.4 0-8 3.6-8 8v56c0 4.4 3.6 8 8 8h56c4.4 0 8-3.6 8-8v-56c0-4.4-3.6-8-8-8zM136 374h56c4.4 0 8-3.6 8-8v-56c0-4.4-3.6-8-8-8h-56c-4.4 0-8 3.6-8 8v56c0 4.4 3.6 8 8 8zm0-174h56c4.4 0 8-3.6 8-8v-56c0-4.4-3.6-8-8-8h-56c-4.4 0-8 3.6-8 8v56c0 4.4 3.6 8 8 8zm752 624h-56c-4.4 0-8 3.6-8 8v56c0 4.4 3.6 8 8 8h56c4.4 0 8-3.6 8-8v-56c0-4.4-3.6-8-8-8zm0-174h-56c-4.4 0-8 3.6-8 8v56c0 4.4 3.6 8 8 8h56c4.4 0 8-3.6 8-8v-56c0-4.4-3.6-8-8-8zm0-174h-56c-4.4 0-8 3.6-8 8v56c0 4.4 3.6 8 8 8h56c4.4 0 8-3.6 8-8v-56c0-4.4-3.6-8-8-8zm0-174h-56c-4.4 0-8 3.6-8 8v56c0 4.4 3.6 8 8 8h56c4.4 0 8-3.6 8-8v-56c0-4.4-3.6-8-8-8zm0-174h-56c-4.4 0-8 3.6-8 8v56c0 4.4 3.6 8 8 8h56c4.4 0 8-3.6 8-8v-56c0-4.4-3.6-8-8-8zm-348 0h-56c-4.4 0-8 3.6-8 8v56c0 4.4 3.6 8 8 8h56c4.4 0 8-3.6 8-8v-56c0-4.4-3.6-8-8-8zm-230 72h56c4.4 0 8-3.6 8-8v-56c0-4.4-3.6-8-8-8h-56c-4.4 0-8 3.6-8 8v56c0 4.4 3.6 8 8 8zm230 624H358c-87.3 0-158-70.7-158-158V484c0-4.4-3.6-8-8-8h-56c-4.4 0-8 3.6-8 8v182c0 127 103 230 230 230h182c4.4 0 8-3.6 8-8v-56c0-4.4-3.6-8-8-8z"
              />
            </svg>
          </span>
        </span>
        <span>
          bottomLeft
        </span>
      </button>
    </div>
    <div
      class="ant-space-item"
    >
      <button
        class="ant-btn ant-btn-primary ant-btn-color-primary ant-btn-variant-solid"
        type="button"
      >
        <span
          class="ant-btn-icon"
        >
          <span
            aria-label="radius-bottomright"
            class="anticon anticon-radius-bottomright"
            role="img"
          >
            <svg
              aria-hidden="true"
              data-icon="radius-bottomright"
              fill="currentColor"
              focusable="false"
              height="1em"
              viewBox="64 64 896 896"
              width="1em"
            >
              <path
                d="M368 824h-56c-4.4 0-8 3.6-8 8v56c0 4.4 3.6 8 8 8h56c4.4 0 8-3.6 8-8v-56c0-4.4-3.6-8-8-8zm-58-624h56c4.4 0 8-3.6 8-8v-56c0-4.4-3.6-8-8-8h-56c-4.4 0-8 3.6-8 8v56c0 4.4 3.6 8 8 8zm578 102h-56c-4.4 0-8 3.6-8 8v56c0 4.4 3.6 8 8 8h56c4.4 0 8-3.6 8-8v-56c0-4.4-3.6-8-8-8zm0-174h-56c-4.4 0-8 3.6-8 8v56c0 4.4 3.6 8 8 8h56c4.4 0 8-3.6 8-8v-56c0-4.4-3.6-8-8-8zM192 824h-56c-4.4 0-8 3.6-8 8v56c0 4.4 3.6 8 8 8h56c4.4 0 8-3.6 8-8v-56c0-4.4-3.6-8-8-8zm0-174h-56c-4.4 0-8 3.6-8 8v56c0 4.4 3.6 8 8 8h56c4.4 0 8-3.6 8-8v-56c0-4.4-3.6-8-8-8zm0-174h-56c-4.4 0-8 3.6-8 8v56c0 4.4 3.6 8 8 8h56c4.4 0 8-3.6 8-8v-56c0-4.4-3.6-8-8-8zm0-174h-56c-4.4 0-8 3.6-8 8v56c0 4.4 3.6 8 8 8h56c4.4 0 8-3.6 8-8v-56c0-4.4-3.6-8-8-8zm0-174h-56c-4.4 0-8 3.6-8 8v56c0 4.4 3.6 8 8 8h56c4.4 0 8-3.6 8-8v-56c0-4.4-3.6-8-8-8zm292 72h56c4.4 0 8-3.6 8-8v-56c0-4.4-3.6-8-8-8h-56c-4.4 0-8 3.6-8 8v56c0 4.4 3.6 8 8 8zm174 0h56c4.4 0 8-3.6 8-8v-56c0-4.4-3.6-8-8-8h-56c-4.4 0-8 3.6-8 8v56c0 4.4 3.6 8 8 8zm230 276h-56c-4.4 0-8 3.6-8 8v182c0 87.3-70.7 158-158 158H484c-4.4 0-8 3.6-8 8v56c0 4.4 3.6 8 8 8h182c127 0 230-103 230-230V484c0-4.4-3.6-8-8-8z"
              />
            </svg>
          </span>
        </span>
        <span>
          bottomRight
        </span>
      </button>
    </div>
  </div>,
]
`;

exports[`renders components/notification/demo/hooks.tsx extend context correctly 2`] = `[]`;

exports[`renders components/notification/demo/placement.tsx extend context correctly 1`] = `
Array [
  <div
    class="ant-space ant-space-horizontal ant-space-align-center ant-space-gap-row-small ant-space-gap-col-small"
  >
    <div
      class="ant-space-item"
    >
      <button
        class="ant-btn ant-btn-primary ant-btn-color-primary ant-btn-variant-solid"
        type="button"
      >
        <span
          class="ant-btn-icon"
        >
          <span
            aria-label="border-top"
            class="anticon anticon-border-top"
            role="img"
          >
            <svg
              aria-hidden="true"
              data-icon="border-top"
              fill="currentColor"
              focusable="false"
              height="1em"
              viewBox="64 64 896 896"
              width="1em"
            >
              <path
                d="M872 144H152c-4.4 0-8 3.6-8 8v56c0 4.4 3.6 8 8 8h720c4.4 0 8-3.6 8-8v-56c0-4.4-3.6-8-8-8zM208 310h-56c-4.4 0-8 3.6-8 8v56c0 4.4 3.6 8 8 8h56c4.4 0 8-3.6 8-8v-56c0-4.4-3.6-8-8-8zm0 498h-56c-4.4 0-8 3.6-8 8v56c0 4.4 3.6 8 8 8h56c4.4 0 8-3.6 8-8v-56c0-4.4-3.6-8-8-8zm0-332h-56c-4.4 0-8 3.6-8 8v56c0 4.4 3.6 8 8 8h56c4.4 0 8-3.6 8-8v-56c0-4.4-3.6-8-8-8zm0 166h-56c-4.4 0-8 3.6-8 8v56c0 4.4 3.6 8 8 8h56c4.4 0 8-3.6 8-8v-56c0-4.4-3.6-8-8-8zm166-166h-56c-4.4 0-8 3.6-8 8v56c0 4.4 3.6 8 8 8h56c4.4 0 8-3.6 8-8v-56c0-4.4-3.6-8-8-8zm0 332h-56c-4.4 0-8 3.6-8 8v56c0 4.4 3.6 8 8 8h56c4.4 0 8-3.6 8-8v-56c0-4.4-3.6-8-8-8zm332 0h-56c-4.4 0-8 3.6-8 8v56c0 4.4 3.6 8 8 8h56c4.4 0 8-3.6 8-8v-56c0-4.4-3.6-8-8-8zm0-332h-56c-4.4 0-8 3.6-8 8v56c0 4.4 3.6 8 8 8h56c4.4 0 8-3.6 8-8v-56c0-4.4-3.6-8-8-8zm166 0h-56c-4.4 0-8 3.6-8 8v56c0 4.4 3.6 8 8 8h56c4.4 0 8-3.6 8-8v-56c0-4.4-3.6-8-8-8zm-332 0h-56c-4.4 0-8 3.6-8 8v56c0 4.4 3.6 8 8 8h56c4.4 0 8-3.6 8-8v-56c0-4.4-3.6-8-8-8zm332 332h-56c-4.4 0-8 3.6-8 8v56c0 4.4 3.6 8 8 8h56c4.4 0 8-3.6 8-8v-56c0-4.4-3.6-8-8-8zm-332 0h-56c-4.4 0-8 3.6-8 8v56c0 4.4 3.6 8 8 8h56c4.4 0 8-3.6 8-8v-56c0-4.4-3.6-8-8-8zm332-498h-56c-4.4 0-8 3.6-8 8v56c0 4.4 3.6 8 8 8h56c4.4 0 8-3.6 8-8v-56c0-4.4-3.6-8-8-8zm-332 0h-56c-4.4 0-8 3.6-8 8v56c0 4.4 3.6 8 8 8h56c4.4 0 8-3.6 8-8v-56c0-4.4-3.6-8-8-8zm332 332h-56c-4.4 0-8 3.6-8 8v56c0 4.4 3.6 8 8 8h56c4.4 0 8-3.6 8-8v-56c0-4.4-3.6-8-8-8zm-332 0h-56c-4.4 0-8 3.6-8 8v56c0 4.4 3.6 8 8 8h56c4.4 0 8-3.6 8-8v-56c0-4.4-3.6-8-8-8z"
              />
            </svg>
          </span>
        </span>
        <span>
          top
        </span>
      </button>
    </div>
    <div
      class="ant-space-item"
    >
      <button
        class="ant-btn ant-btn-primary ant-btn-color-primary ant-btn-variant-solid"
        type="button"
      >
        <span
          class="ant-btn-icon"
        >
          <span
            aria-label="border-bottom"
            class="anticon anticon-border-bottom"
            role="img"
          >
            <svg
              aria-hidden="true"
              data-icon="border-bottom"
              fill="currentColor"
              focusable="false"
              height="1em"
              viewBox="64 64 896 896"
              width="1em"
            >
              <path
                d="M872 808H152c-4.4 0-8 3.6-8 8v56c0 4.4 3.6 8 8 8h720c4.4 0 8-3.6 8-8v-56c0-4.4-3.6-8-8-8zm-720-94h56c4.4 0 8-3.6 8-8v-56c0-4.4-3.6-8-8-8h-56c-4.4 0-8 3.6-8 8v56c0 4.4 3.6 8 8 8zm0-498h56c4.4 0 8-3.6 8-8v-56c0-4.4-3.6-8-8-8h-56c-4.4 0-8 3.6-8 8v56c0 4.4 3.6 8 8 8zm0 332h56c4.4 0 8-3.6 8-8v-56c0-4.4-3.6-8-8-8h-56c-4.4 0-8 3.6-8 8v56c0 4.4 3.6 8 8 8zm0-166h56c4.4 0 8-3.6 8-8v-56c0-4.4-3.6-8-8-8h-56c-4.4 0-8 3.6-8 8v56c0 4.4 3.6 8 8 8zm166 166h56c4.4 0 8-3.6 8-8v-56c0-4.4-3.6-8-8-8h-56c-4.4 0-8 3.6-8 8v56c0 4.4 3.6 8 8 8zm0-332h56c4.4 0 8-3.6 8-8v-56c0-4.4-3.6-8-8-8h-56c-4.4 0-8 3.6-8 8v56c0 4.4 3.6 8 8 8zm332 0h56c4.4 0 8-3.6 8-8v-56c0-4.4-3.6-8-8-8h-56c-4.4 0-8 3.6-8 8v56c0 4.4 3.6 8 8 8zm0 332h56c4.4 0 8-3.6 8-8v-56c0-4.4-3.6-8-8-8h-56c-4.4 0-8 3.6-8 8v56c0 4.4 3.6 8 8 8zm222-72h-56c-4.4 0-8 3.6-8 8v56c0 4.4 3.6 8 8 8h56c4.4 0 8-3.6 8-8v-56c0-4.4-3.6-8-8-8zm-388 72h56c4.4 0 8-3.6 8-8v-56c0-4.4-3.6-8-8-8h-56c-4.4 0-8 3.6-8 8v56c0 4.4 3.6 8 8 8zm388-404h-56c-4.4 0-8 3.6-8 8v56c0 4.4 3.6 8 8 8h56c4.4 0 8-3.6 8-8v-56c0-4.4-3.6-8-8-8zm-388 72h56c4.4 0 8-3.6 8-8v-56c0-4.4-3.6-8-8-8h-56c-4.4 0-8 3.6-8 8v56c0 4.4 3.6 8 8 8zm388 426h-56c-4.4 0-8 3.6-8 8v56c0 4.4 3.6 8 8 8h56c4.4 0 8-3.6 8-8v-56c0-4.4-3.6-8-8-8zm-388 72h56c4.4 0 8-3.6 8-8v-56c0-4.4-3.6-8-8-8h-56c-4.4 0-8 3.6-8 8v56c0 4.4 3.6 8 8 8zm388-404h-56c-4.4 0-8 3.6-8 8v56c0 4.4 3.6 8 8 8h56c4.4 0 8-3.6 8-8v-56c0-4.4-3.6-8-8-8zm-388 72h56c4.4 0 8-3.6 8-8v-56c0-4.4-3.6-8-8-8h-56c-4.4 0-8 3.6-8 8v56c0 4.4 3.6 8 8 8z"
              />
            </svg>
          </span>
        </span>
        <span>
          bottom
        </span>
      </button>
    </div>
  </div>,
  <div
    class="ant-divider ant-divider-horizontal"
    role="separator"
  />,
  <div
    class="ant-space ant-space-horizontal ant-space-align-center ant-space-gap-row-small ant-space-gap-col-small"
  >
    <div
      class="ant-space-item"
    >
      <button
        class="ant-btn ant-btn-primary ant-btn-color-primary ant-btn-variant-solid"
        type="button"
      >
        <span
          class="ant-btn-icon"
        >
          <span
            aria-label="radius-upleft"
            class="anticon anticon-radius-upleft"
            role="img"
          >
            <svg
              aria-hidden="true"
              data-icon="radius-upleft"
              fill="currentColor"
              focusable="false"
              height="1em"
              viewBox="64 64 896 896"
              width="1em"
            >
              <path
                d="M656 200h56c4.4 0 8-3.6 8-8v-56c0-4.4-3.6-8-8-8h-56c-4.4 0-8 3.6-8 8v56c0 4.4 3.6 8 8 8zm58 624h-56c-4.4 0-8 3.6-8 8v56c0 4.4 3.6 8 8 8h56c4.4 0 8-3.6 8-8v-56c0-4.4-3.6-8-8-8zM192 650h-56c-4.4 0-8 3.6-8 8v56c0 4.4 3.6 8 8 8h56c4.4 0 8-3.6 8-8v-56c0-4.4-3.6-8-8-8zm0 174h-56c-4.4 0-8 3.6-8 8v56c0 4.4 3.6 8 8 8h56c4.4 0 8-3.6 8-8v-56c0-4.4-3.6-8-8-8zm696-696h-56c-4.4 0-8 3.6-8 8v56c0 4.4 3.6 8 8 8h56c4.4 0 8-3.6 8-8v-56c0-4.4-3.6-8-8-8zm0 174h-56c-4.4 0-8 3.6-8 8v56c0 4.4 3.6 8 8 8h56c4.4 0 8-3.6 8-8v-56c0-4.4-3.6-8-8-8zm0 174h-56c-4.4 0-8 3.6-8 8v56c0 4.4 3.6 8 8 8h56c4.4 0 8-3.6 8-8v-56c0-4.4-3.6-8-8-8zm0 174h-56c-4.4 0-8 3.6-8 8v56c0 4.4 3.6 8 8 8h56c4.4 0 8-3.6 8-8v-56c0-4.4-3.6-8-8-8zm0 174h-56c-4.4 0-8 3.6-8 8v56c0 4.4 3.6 8 8 8h56c4.4 0 8-3.6 8-8v-56c0-4.4-3.6-8-8-8zm-348 0h-56c-4.4 0-8 3.6-8 8v56c0 4.4 3.6 8 8 8h56c4.4 0 8-3.6 8-8v-56c0-4.4-3.6-8-8-8zm-174 0h-56c-4.4 0-8 3.6-8 8v56c0 4.4 3.6 8 8 8h56c4.4 0 8-3.6 8-8v-56c0-4.4-3.6-8-8-8zm174-696H358c-127 0-230 103-230 230v182c0 4.4 3.6 8 8 8h56c4.4 0 8-3.6 8-8V358c0-87.3 70.7-158 158-158h182c4.4 0 8-3.6 8-8v-56c0-4.4-3.6-8-8-8z"
              />
            </svg>
          </span>
        </span>
        <span>
          topLeft
        </span>
      </button>
    </div>
    <div
      class="ant-space-item"
    >
      <button
        class="ant-btn ant-btn-primary ant-btn-color-primary ant-btn-variant-solid"
        type="button"
      >
        <span
          class="ant-btn-icon"
        >
          <span
            aria-label="radius-upright"
            class="anticon anticon-radius-upright"
            role="img"
          >
            <svg
              aria-hidden="true"
              data-icon="radius-upright"
              fill="currentColor"
              focusable="false"
              height="1em"
              viewBox="64 64 896 896"
              width="1em"
            >
              <path
                d="M368 128h-56c-4.4 0-8 3.6-8 8v56c0 4.4 3.6 8 8 8h56c4.4 0 8-3.6 8-8v-56c0-4.4-3.6-8-8-8zm-2 696h-56c-4.4 0-8 3.6-8 8v56c0 4.4 3.6 8 8 8h56c4.4 0 8-3.6 8-8v-56c0-4.4-3.6-8-8-8zm522-174h-56c-4.4 0-8 3.6-8 8v56c0 4.4 3.6 8 8 8h56c4.4 0 8-3.6 8-8v-56c0-4.4-3.6-8-8-8zm0 174h-56c-4.4 0-8 3.6-8 8v56c0 4.4 3.6 8 8 8h56c4.4 0 8-3.6 8-8v-56c0-4.4-3.6-8-8-8zM192 128h-56c-4.4 0-8 3.6-8 8v56c0 4.4 3.6 8 8 8h56c4.4 0 8-3.6 8-8v-56c0-4.4-3.6-8-8-8zm0 174h-56c-4.4 0-8 3.6-8 8v56c0 4.4 3.6 8 8 8h56c4.4 0 8-3.6 8-8v-56c0-4.4-3.6-8-8-8zm0 174h-56c-4.4 0-8 3.6-8 8v56c0 4.4 3.6 8 8 8h56c4.4 0 8-3.6 8-8v-56c0-4.4-3.6-8-8-8zm0 174h-56c-4.4 0-8 3.6-8 8v56c0 4.4 3.6 8 8 8h56c4.4 0 8-3.6 8-8v-56c0-4.4-3.6-8-8-8zm0 174h-56c-4.4 0-8 3.6-8 8v56c0 4.4 3.6 8 8 8h56c4.4 0 8-3.6 8-8v-56c0-4.4-3.6-8-8-8zm348 0h-56c-4.4 0-8 3.6-8 8v56c0 4.4 3.6 8 8 8h56c4.4 0 8-3.6 8-8v-56c0-4.4-3.6-8-8-8zm174 0h-56c-4.4 0-8 3.6-8 8v56c0 4.4 3.6 8 8 8h56c4.4 0 8-3.6 8-8v-56c0-4.4-3.6-8-8-8zm-48-696H484c-4.4 0-8 3.6-8 8v56c0 4.4 3.6 8 8 8h182c87.3 0 158 70.7 158 158v182c0 4.4 3.6 8 8 8h56c4.4 0 8-3.6 8-8V358c0-127-103-230-230-230z"
              />
            </svg>
          </span>
        </span>
        <span>
          topRight
        </span>
      </button>
    </div>
  </div>,
  <div
    class="ant-divider ant-divider-horizontal"
    role="separator"
  />,
  <div
    class="ant-space ant-space-horizontal ant-space-align-center ant-space-gap-row-small ant-space-gap-col-small"
  >
    <div
      class="ant-space-item"
    >
      <button
        class="ant-btn ant-btn-primary ant-btn-color-primary ant-btn-variant-solid"
        type="button"
      >
        <span
          class="ant-btn-icon"
        >
          <span
            aria-label="radius-bottomleft"
            class="anticon anticon-radius-bottomleft"
            role="img"
          >
            <svg
              aria-hidden="true"
              data-icon="radius-bottomleft"
              fill="currentColor"
              focusable="false"
              height="1em"
              viewBox="64 64 896 896"
              width="1em"
            >
              <path
                d="M712 824h-56c-4.4 0-8 3.6-8 8v56c0 4.4 3.6 8 8 8h56c4.4 0 8-3.6 8-8v-56c0-4.4-3.6-8-8-8zm2-696h-56c-4.4 0-8 3.6-8 8v56c0 4.4 3.6 8 8 8h56c4.4 0 8-3.6 8-8v-56c0-4.4-3.6-8-8-8zM136 374h56c4.4 0 8-3.6 8-8v-56c0-4.4-3.6-8-8-8h-56c-4.4 0-8 3.6-8 8v56c0 4.4 3.6 8 8 8zm0-174h56c4.4 0 8-3.6 8-8v-56c0-4.4-3.6-8-8-8h-56c-4.4 0-8 3.6-8 8v56c0 4.4 3.6 8 8 8zm752 624h-56c-4.4 0-8 3.6-8 8v56c0 4.4 3.6 8 8 8h56c4.4 0 8-3.6 8-8v-56c0-4.4-3.6-8-8-8zm0-174h-56c-4.4 0-8 3.6-8 8v56c0 4.4 3.6 8 8 8h56c4.4 0 8-3.6 8-8v-56c0-4.4-3.6-8-8-8zm0-174h-56c-4.4 0-8 3.6-8 8v56c0 4.4 3.6 8 8 8h56c4.4 0 8-3.6 8-8v-56c0-4.4-3.6-8-8-8zm0-174h-56c-4.4 0-8 3.6-8 8v56c0 4.4 3.6 8 8 8h56c4.4 0 8-3.6 8-8v-56c0-4.4-3.6-8-8-8zm0-174h-56c-4.4 0-8 3.6-8 8v56c0 4.4 3.6 8 8 8h56c4.4 0 8-3.6 8-8v-56c0-4.4-3.6-8-8-8zm-348 0h-56c-4.4 0-8 3.6-8 8v56c0 4.4 3.6 8 8 8h56c4.4 0 8-3.6 8-8v-56c0-4.4-3.6-8-8-8zm-230 72h56c4.4 0 8-3.6 8-8v-56c0-4.4-3.6-8-8-8h-56c-4.4 0-8 3.6-8 8v56c0 4.4 3.6 8 8 8zm230 624H358c-87.3 0-158-70.7-158-158V484c0-4.4-3.6-8-8-8h-56c-4.4 0-8 3.6-8 8v182c0 127 103 230 230 230h182c4.4 0 8-3.6 8-8v-56c0-4.4-3.6-8-8-8z"
              />
            </svg>
          </span>
        </span>
        <span>
          bottomLeft
        </span>
      </button>
    </div>
    <div
      class="ant-space-item"
    >
      <button
        class="ant-btn ant-btn-primary ant-btn-color-primary ant-btn-variant-solid"
        type="button"
      >
        <span
          class="ant-btn-icon"
        >
          <span
            aria-label="radius-bottomright"
            class="anticon anticon-radius-bottomright"
            role="img"
          >
            <svg
              aria-hidden="true"
              data-icon="radius-bottomright"
              fill="currentColor"
              focusable="false"
              height="1em"
              viewBox="64 64 896 896"
              width="1em"
            >
              <path
                d="M368 824h-56c-4.4 0-8 3.6-8 8v56c0 4.4 3.6 8 8 8h56c4.4 0 8-3.6 8-8v-56c0-4.4-3.6-8-8-8zm-58-624h56c4.4 0 8-3.6 8-8v-56c0-4.4-3.6-8-8-8h-56c-4.4 0-8 3.6-8 8v56c0 4.4 3.6 8 8 8zm578 102h-56c-4.4 0-8 3.6-8 8v56c0 4.4 3.6 8 8 8h56c4.4 0 8-3.6 8-8v-56c0-4.4-3.6-8-8-8zm0-174h-56c-4.4 0-8 3.6-8 8v56c0 4.4 3.6 8 8 8h56c4.4 0 8-3.6 8-8v-56c0-4.4-3.6-8-8-8zM192 824h-56c-4.4 0-8 3.6-8 8v56c0 4.4 3.6 8 8 8h56c4.4 0 8-3.6 8-8v-56c0-4.4-3.6-8-8-8zm0-174h-56c-4.4 0-8 3.6-8 8v56c0 4.4 3.6 8 8 8h56c4.4 0 8-3.6 8-8v-56c0-4.4-3.6-8-8-8zm0-174h-56c-4.4 0-8 3.6-8 8v56c0 4.4 3.6 8 8 8h56c4.4 0 8-3.6 8-8v-56c0-4.4-3.6-8-8-8zm0-174h-56c-4.4 0-8 3.6-8 8v56c0 4.4 3.6 8 8 8h56c4.4 0 8-3.6 8-8v-56c0-4.4-3.6-8-8-8zm0-174h-56c-4.4 0-8 3.6-8 8v56c0 4.4 3.6 8 8 8h56c4.4 0 8-3.6 8-8v-56c0-4.4-3.6-8-8-8zm292 72h56c4.4 0 8-3.6 8-8v-56c0-4.4-3.6-8-8-8h-56c-4.4 0-8 3.6-8 8v56c0 4.4 3.6 8 8 8zm174 0h56c4.4 0 8-3.6 8-8v-56c0-4.4-3.6-8-8-8h-56c-4.4 0-8 3.6-8 8v56c0 4.4 3.6 8 8 8zm230 276h-56c-4.4 0-8 3.6-8 8v182c0 87.3-70.7 158-158 158H484c-4.4 0-8 3.6-8 8v56c0 4.4 3.6 8 8 8h182c127 0 230-103 230-230V484c0-4.4-3.6-8-8-8z"
              />
            </svg>
          </span>
        </span>
        <span>
          bottomRight
        </span>
      </button>
    </div>
  </div>,
]
`;

exports[`renders components/notification/demo/placement.tsx extend context correctly 2`] = `[]`;

exports[`renders components/notification/demo/render-panel.tsx extend context correctly 1`] = `
<div
  class="ant-notification-notice-pure-panel"
>
  <div
    class="ant-notification-notice ant-notification-notice-closable"
  >
    <div
      class="ant-notification-notice-content"
    >
      <div
        class="ant-notification-notice-with-icon"
        role="alert"
      >
        <span
          aria-label="check-circle"
          class="anticon anticon-check-circle ant-notification-notice-icon ant-notification-notice-icon-success"
          role="img"
        >
          <svg
            aria-hidden="true"
            data-icon="check-circle"
            fill="currentColor"
            focusable="false"
            height="1em"
            viewBox="64 64 896 896"
            width="1em"
          >
            <path
              d="M512 64C264.6 64 64 264.6 64 512s200.6 448 448 448 448-200.6 448-448S759.4 64 512 64zm193.5 301.7l-210.6 292a31.8 31.8 0 01-51.7 0L318.5 484.9c-3.8-5.3 0-12.7 6.5-12.7h46.9c10.2 0 19.9 4.9 25.9 13.3l71.2 98.8 157.2-218c6-8.3 15.6-13.3 25.9-13.3H699c6.5 0 10.3 7.4 6.5 12.7z"
            />
          </svg>
        </span>
        <div
          class="ant-notification-notice-message"
        >
          Hello World!
        </div>
        <div
          class="ant-notification-notice-description"
        >
          Hello World?
        </div>
        <div
          class="ant-notification-notice-btn"
        >
          <button
            class="ant-btn ant-btn-primary ant-btn-color-primary ant-btn-variant-solid ant-btn-sm"
            type="button"
          >
            <span>
              My Button
            </span>
          </button>
        </div>
      </div>
    </div>
    <a
      aria-label="Close"
      class="ant-notification-notice-close"
      tabindex="0"
    >
      <span
        aria-label="close"
        class="anticon anticon-close ant-notification-close-icon"
        role="img"
      >
        <svg
          aria-hidden="true"
          data-icon="close"
          fill="currentColor"
          fill-rule="evenodd"
          focusable="false"
          height="1em"
          viewBox="64 64 896 896"
          width="1em"
        >
          <path
            d="M799.86 166.31c.02 0 .04.02.08.06l57.69 57.7c.04.03.05.05.06.08a.12.12 0 010 .06c0 .03-.02.05-.06.09L569.93 512l287.7 287.7c.04.04.05.06.06.09a.12.12 0 010 .07c0 .02-.02.04-.06.08l-57.7 57.69c-.03.04-.05.05-.07.06a.12.12 0 01-.07 0c-.03 0-.05-.02-.09-.06L512 569.93l-287.7 287.7c-.04.04-.06.05-.09.06a.12.12 0 01-.07 0c-.02 0-.04-.02-.08-.06l-57.69-57.7c-.04-.03-.05-.05-.06-.07a.12.12 0 010-.07c0-.03.02-.05.06-.09L454.07 512l-287.7-287.7c-.04-.04-.05-.06-.06-.09a.12.12 0 010-.07c0-.02.02-.04.06-.08l57.7-57.69c.03-.04.05-.05.07-.06a.12.12 0 01.07 0c.03 0 .05.02.09.06L512 454.07l287.7-287.7c.04-.04.06-.05.09-.06a.12.12 0 01.07 0z"
          />
        </svg>
      </span>
    </a>
  </div>
</div>
`;

exports[`renders components/notification/demo/render-panel.tsx extend context correctly 2`] = `[]`;

exports[`renders components/notification/demo/show-with-progress.tsx extend context correctly 1`] = `
<div
  class="ant-space ant-space-horizontal ant-space-align-center ant-space-gap-row-small ant-space-gap-col-small"
>
  <div
    class="ant-space-item"
  >
    <button
      class="ant-btn ant-btn-primary ant-btn-color-primary ant-btn-variant-solid"
      type="button"
    >
      <span>
        Pause on hover
      </span>
    </button>
  </div>
  <div
    class="ant-space-item"
  >
    <button
      class="ant-btn ant-btn-primary ant-btn-color-primary ant-btn-variant-solid"
      type="button"
    >
      <span>
        Don't pause on hover
      </span>
    </button>
  </div>
</div>
`;

exports[`renders components/notification/demo/show-with-progress.tsx extend context correctly 2`] = `[]`;

exports[`renders components/notification/demo/stack.tsx extend context correctly 1`] = `
<div>
  <div
    class="ant-space ant-space-horizontal ant-space-align-center ant-space-gap-row-large ant-space-gap-col-large"
  >
    <div
      class="ant-space-item"
    >
      <div
        class="ant-space ant-space-horizontal ant-space-align-center ant-space-gap-row-small ant-space-gap-col-small"
        style="width: 100%;"
      >
        <div
          class="ant-space-item"
        >
          <span>
            Enabled: 
          </span>
        </div>
        <div
          class="ant-space-item"
        >
          <button
            aria-checked="true"
            class="ant-switch ant-switch-checked"
            role="switch"
            type="button"
          >
            <div
              class="ant-switch-handle"
            />
            <span
              class="ant-switch-inner"
            >
              <span
                class="ant-switch-inner-checked"
              />
              <span
                class="ant-switch-inner-unchecked"
              />
            </span>
          </button>
        </div>
      </div>
    </div>
    <div
      class="ant-space-item"
    >
      <div
        class="ant-space ant-space-horizontal ant-space-align-center ant-space-gap-row-small ant-space-gap-col-small"
        style="width: 100%;"
      >
        <div
          class="ant-space-item"
        >
          <span>
            Threshold: 
          </span>
        </div>
        <div
          class="ant-space-item"
        >
          <div
            class="ant-input-number ant-input-number-outlined"
          >
            <div
              class="ant-input-number-handler-wrap"
            >
              <span
                aria-disabled="false"
                aria-label="Increase Value"
                class="ant-input-number-handler ant-input-number-handler-up"
                role="button"
                unselectable="on"
              >
                <span
                  aria-label="up"
                  class="anticon anticon-up ant-input-number-handler-up-inner"
                  role="img"
                >
                  <svg
                    aria-hidden="true"
                    data-icon="up"
                    fill="currentColor"
                    focusable="false"
                    height="1em"
                    viewBox="64 64 896 896"
                    width="1em"
                  >
                    <path
                      d="M890.5 755.3L537.9 269.2c-12.8-17.6-39-17.6-51.7 0L133.5 755.3A8 8 0 00140 768h75c5.1 0 9.9-2.5 12.9-6.6L512 369.8l284.1 391.6c3 4.1 7.8 6.6 12.9 6.6h75c6.5 0 10.3-7.4 6.5-12.7z"
                    />
                  </svg>
                </span>
              </span>
              <span
                aria-disabled="false"
                aria-label="Decrease Value"
                class="ant-input-number-handler ant-input-number-handler-down"
                role="button"
                unselectable="on"
              >
                <span
                  aria-label="down"
                  class="anticon anticon-down ant-input-number-handler-down-inner"
                  role="img"
                >
                  <svg
                    aria-hidden="true"
                    data-icon="down"
                    fill="currentColor"
                    focusable="false"
                    height="1em"
                    viewBox="64 64 896 896"
                    width="1em"
                  >
                    <path
                      d="M884 256h-75c-5.1 0-9.9 2.5-12.9 6.6L512 654.2 227.9 262.6c-3-4.1-7.8-6.6-12.9-6.6h-75c-6.5 0-10.3 7.4-6.5 12.7l352.6 486.1c12.8 17.6 39 17.6 51.7 0l352.6-486.1c3.9-5.3.1-12.7-6.4-12.7z"
                    />
                  </svg>
                </span>
              </span>
            </div>
            <div
              class="ant-input-number-input-wrap"
            >
              <input
                aria-valuemax="10"
                aria-valuemin="1"
                aria-valuenow="3"
                autocomplete="off"
                class="ant-input-number-input"
                role="spinbutton"
                step="1"
                value="3"
              />
            </div>
          </div>
        </div>
      </div>
    </div>
  </div>
  <div
    class="ant-divider ant-divider-horizontal"
    role="separator"
  />
  <button
    class="ant-btn ant-btn-primary ant-btn-color-primary ant-btn-variant-solid"
    type="button"
  >
    <span>
      Open the notification box
    </span>
  </button>
</div>
`;

exports[`renders components/notification/demo/stack.tsx extend context correctly 2`] = `[]`;

exports[`renders components/notification/demo/update.tsx extend context correctly 1`] = `
<button
  class="ant-btn ant-btn-primary ant-btn-color-primary ant-btn-variant-solid"
  type="button"
>
  <span>
    Open the notification box
  </span>
</button>
`;

exports[`renders components/notification/demo/update.tsx extend context correctly 2`] = `[]`;

exports[`renders components/notification/demo/with-btn.tsx extend context correctly 1`] = `
<button
  class="ant-btn ant-btn-primary ant-btn-color-primary ant-btn-variant-solid"
  type="button"
>
  <span>
    Open the notification box
  </span>
</button>
`;

exports[`renders components/notification/demo/with-btn.tsx extend context correctly 2`] = `[]`;

exports[`renders components/notification/demo/with-icon.tsx extend context correctly 1`] = `
<div
  class="ant-space ant-space-horizontal ant-space-align-center ant-space-gap-row-small ant-space-gap-col-small"
>
  <div
    class="ant-space-item"
  >
    <button
      class="ant-btn ant-btn-default ant-btn-color-default ant-btn-variant-outlined"
      type="button"
    >
      <span>
        Success
      </span>
    </button>
  </div>
  <div
    class="ant-space-item"
  >
    <button
      class="ant-btn ant-btn-default ant-btn-color-default ant-btn-variant-outlined"
      type="button"
    >
      <span>
        Info
      </span>
    </button>
  </div>
  <div
    class="ant-space-item"
  >
    <button
      class="ant-btn ant-btn-default ant-btn-color-default ant-btn-variant-outlined"
      type="button"
    >
      <span>
        Warning
      </span>
    </button>
  </div>
  <div
    class="ant-space-item"
  >
    <button
      class="ant-btn ant-btn-default ant-btn-color-default ant-btn-variant-outlined"
      type="button"
    >
      <span>
        Error
      </span>
    </button>
  </div>
</div>
`;

exports[`renders components/notification/demo/with-icon.tsx extend context correctly 2`] = `[]`;
