// Jest Snapshot v1, https://goo.gl/fbAQLP

exports[`CheckboxGroup passes prefixCls down to checkbox 1`] = `
<div
  class="my-checkbox-group"
>
  <label
    class="my-checkbox-wrapper my-checkbox-group-item"
  >
    <span
      class="my-checkbox ant-wave-target"
    >
      <input
        class="my-checkbox-input"
        type="checkbox"
        value="Apple"
      />
      <span
        class="my-checkbox-inner"
      />
    </span>
    <span
      class="my-checkbox-label"
    >
      Apple
    </span>
  </label>
  <label
    class="my-checkbox-wrapper my-checkbox-group-item"
    style="font-size: 12px;"
  >
    <span
      class="my-checkbox ant-wave-target"
    >
      <input
        class="my-checkbox-input"
        type="checkbox"
        value="Orange"
      />
      <span
        class="my-checkbox-inner"
      />
    </span>
    <span
      class="my-checkbox-label"
    >
      Orange
    </span>
  </label>
</div>
`;

exports[`CheckboxGroup rtl render component should be rendered correctly in RTL direction 1`] = `
<div
  class="ant-checkbox-group ant-checkbox-group-rtl"
/>
`;
