// Jest Snapshot v1, https://goo.gl/fbAQLP

exports[`FloatButtonGroup should correct render 1`] = `
<div
  class="ant-float-btn-group css-var-root ant-float-btn-css-var ant-float-btn-group-circle ant-float-btn-group-circle-shadow"
>
  <button
    class="css-var-root ant-float-btn-css-var ant-float-btn ant-float-btn-default ant-float-btn-circle"
    type="button"
  >
    <div
      class="ant-float-btn-body"
    >
      <div
        class="ant-float-btn-content"
      >
        <div
          class="ant-float-btn-icon"
        >
          <span
            aria-label="file-text"
            class="anticon anticon-file-text"
            role="img"
          >
            <svg
              aria-hidden="true"
              data-icon="file-text"
              fill="currentColor"
              focusable="false"
              height="1em"
              viewBox="64 64 896 896"
              width="1em"
            >
              <path
                d="M854.6 288.6L639.4 73.4c-6-6-14.1-9.4-22.6-9.4H192c-17.7 0-32 14.3-32 32v832c0 17.7 14.3 32 32 32h640c17.7 0 32-14.3 32-32V311.3c0-8.5-3.4-16.7-9.4-22.7zM790.2 326H602V137.8L790.2 326zm1.8 562H232V136h302v216a42 42 0 0042 42h216v494zM504 618H320c-4.4 0-8 3.6-8 8v48c0 4.4 3.6 8 8 8h184c4.4 0 8-3.6 8-8v-48c0-4.4-3.6-8-8-8zM312 490v48c0 4.4 3.6 8 8 8h384c4.4 0 8-3.6 8-8v-48c0-4.4-3.6-8-8-8H320c-4.4 0-8 3.6-8 8z"
              />
            </svg>
          </span>
        </div>
      </div>
    </div>
  </button>
  <button
    class="css-var-root ant-float-btn-css-var ant-float-btn ant-float-btn-default ant-float-btn-circle"
    type="button"
  >
    <div
      class="ant-float-btn-body"
    >
      <div
        class="ant-float-btn-content"
      >
        <div
          class="ant-float-btn-icon"
        >
          <span
            aria-label="file-text"
            class="anticon anticon-file-text"
            role="img"
          >
            <svg
              aria-hidden="true"
              data-icon="file-text"
              fill="currentColor"
              focusable="false"
              height="1em"
              viewBox="64 64 896 896"
              width="1em"
            >
              <path
                d="M854.6 288.6L639.4 73.4c-6-6-14.1-9.4-22.6-9.4H192c-17.7 0-32 14.3-32 32v832c0 17.7 14.3 32 32 32h640c17.7 0 32-14.3 32-32V311.3c0-8.5-3.4-16.7-9.4-22.7zM790.2 326H602V137.8L790.2 326zm1.8 562H232V136h302v216a42 42 0 0042 42h216v494zM504 618H320c-4.4 0-8 3.6-8 8v48c0 4.4 3.6 8 8 8h184c4.4 0 8-3.6 8-8v-48c0-4.4-3.6-8-8-8zM312 490v48c0 4.4 3.6 8 8 8h384c4.4 0 8-3.6 8-8v-48c0-4.4-3.6-8-8-8H320c-4.4 0-8 3.6-8 8z"
              />
            </svg>
          </span>
        </div>
      </div>
    </div>
  </button>
  <button
    class="css-var-root ant-float-btn-css-var ant-float-btn ant-float-btn-default ant-float-btn-circle"
    type="button"
  >
    <div
      class="ant-float-btn-body"
    >
      <div
        class="ant-float-btn-content"
      >
        <div
          class="ant-float-btn-icon"
        >
          <span
            aria-label="file-text"
            class="anticon anticon-file-text"
            role="img"
          >
            <svg
              aria-hidden="true"
              data-icon="file-text"
              fill="currentColor"
              focusable="false"
              height="1em"
              viewBox="64 64 896 896"
              width="1em"
            >
              <path
                d="M854.6 288.6L639.4 73.4c-6-6-14.1-9.4-22.6-9.4H192c-17.7 0-32 14.3-32 32v832c0 17.7 14.3 32 32 32h640c17.7 0 32-14.3 32-32V311.3c0-8.5-3.4-16.7-9.4-22.7zM790.2 326H602V137.8L790.2 326zm1.8 562H232V136h302v216a42 42 0 0042 42h216v494zM504 618H320c-4.4 0-8 3.6-8 8v48c0 4.4 3.6 8 8 8h184c4.4 0 8-3.6 8-8v-48c0-4.4-3.6-8-8-8zM312 490v48c0 4.4 3.6 8 8 8h384c4.4 0 8-3.6 8-8v-48c0-4.4-3.6-8-8-8H320c-4.4 0-8 3.6-8 8z"
              />
            </svg>
          </span>
        </div>
      </div>
    </div>
  </button>
</div>
`;
