// Jest Snapshot v1, https://goo.gl/fbAQLP

exports[`AutoComplete rtl render component should be rendered correctly in RTL direction 1`] = `
<div
  class="ant-select ant-select-rtl ant-select-outlined ant-select-auto-complete ant-select-single ant-select-show-search"
>
  <div
    class="ant-select-selector"
  >
    <span
      class="ant-select-selection-wrap"
    >
      <span
        class="ant-select-selection-search"
      >
        <input
          aria-autocomplete="list"
          aria-controls="rc_select_TEST_OR_SSR_list"
          aria-expanded="false"
          aria-haspopup="listbox"
          aria-owns="rc_select_TEST_OR_SSR_list"
          autocomplete="off"
          class="ant-select-selection-search-input"
          id="rc_select_TEST_OR_SSR"
          role="combobox"
          type="search"
          value=""
        />
      </span>
      <span
        class="ant-select-selection-placeholder"
      />
    </span>
  </div>
</div>
`;
