// Jest Snapshot v1, https://goo.gl/fbAQLP

exports[`Tag rtl render component should be rendered correctly in RTL direction 1`] = `
<span
  class="ant-tag ant-tag-rtl"
/>
`;

exports[`Tag rtl render component should be rendered correctly in RTL direction 2`] = `
<button
  class="ant-tag ant-tag-checkable"
  type="button"
/>
`;
