// Jest Snapshot v1, https://goo.gl/fbAQLP

exports[`renders components/tree-select/demo/async.tsx correctly 1`] = `
<div
  class="ant-select ant-tree-select ant-select-outlined ant-select-single ant-select-show-arrow"
  style="width:100%"
>
  <div
    class="ant-select-selector"
  >
    <span
      class="ant-select-selection-wrap"
    >
      <span
        class="ant-select-selection-search"
      >
        <input
          aria-autocomplete="list"
          aria-controls="undefined_list"
          aria-expanded="false"
          aria-haspopup="listbox"
          aria-owns="undefined_list"
          autocomplete="off"
          class="ant-select-selection-search-input"
          readonly=""
          role="combobox"
          style="opacity:0"
          type="search"
          unselectable="on"
          value=""
        />
      </span>
      <span
        class="ant-select-selection-placeholder"
      >
        Please select
      </span>
    </span>
  </div>
  <span
    aria-hidden="true"
    class="ant-select-arrow"
    style="user-select:none;-webkit-user-select:none"
    unselectable="on"
  >
    <span
      aria-label="down"
      class="anticon anticon-down ant-select-suffix"
      role="img"
    >
      <svg
        aria-hidden="true"
        data-icon="down"
        fill="currentColor"
        focusable="false"
        height="1em"
        viewBox="64 64 896 896"
        width="1em"
      >
        <path
          d="M884 256h-75c-5.1 0-9.9 2.5-12.9 6.6L512 654.2 227.9 262.6c-3-4.1-7.8-6.6-12.9-6.6h-75c-6.5 0-10.3 7.4-6.5 12.7l352.6 486.1c12.8 17.6 39 17.6 51.7 0l352.6-486.1c3.9-5.3.1-12.7-6.4-12.7z"
        />
      </svg>
    </span>
  </span>
</div>
`;

exports[`renders components/tree-select/demo/basic.tsx correctly 1`] = `
<div
  class="ant-select ant-tree-select ant-select-outlined ant-select-single ant-select-allow-clear ant-select-show-arrow ant-select-show-search"
  style="width:100%"
>
  <div
    class="ant-select-selector"
  >
    <span
      class="ant-select-selection-wrap"
    >
      <span
        class="ant-select-selection-search"
      >
        <input
          aria-autocomplete="list"
          aria-controls="undefined_list"
          aria-expanded="false"
          aria-haspopup="listbox"
          aria-owns="undefined_list"
          autocomplete="off"
          class="ant-select-selection-search-input"
          role="combobox"
          type="search"
          value=""
        />
      </span>
      <span
        class="ant-select-selection-placeholder"
      >
        Please select
      </span>
    </span>
  </div>
  <span
    aria-hidden="true"
    class="ant-select-arrow"
    style="user-select:none;-webkit-user-select:none"
    unselectable="on"
  >
    <span
      aria-label="down"
      class="anticon anticon-down ant-select-suffix"
      role="img"
    >
      <svg
        aria-hidden="true"
        data-icon="down"
        fill="currentColor"
        focusable="false"
        height="1em"
        viewBox="64 64 896 896"
        width="1em"
      >
        <path
          d="M884 256h-75c-5.1 0-9.9 2.5-12.9 6.6L512 654.2 227.9 262.6c-3-4.1-7.8-6.6-12.9-6.6h-75c-6.5 0-10.3 7.4-6.5 12.7l352.6 486.1c12.8 17.6 39 17.6 51.7 0l352.6-486.1c3.9-5.3.1-12.7-6.4-12.7z"
        />
      </svg>
    </span>
  </span>
</div>
`;

exports[`renders components/tree-select/demo/checkable.tsx correctly 1`] = `
<div
  class="ant-select ant-tree-select ant-select-outlined ant-select-multiple ant-select-show-arrow ant-select-show-search"
  style="width:100%"
>
  <div
    class="ant-select-selector"
  >
    <span
      class="ant-select-selection-wrap"
    >
      <div
        class="ant-select-selection-overflow"
      >
        <div
          class="ant-select-selection-overflow-item"
          style="opacity:1"
        >
          <span
            class="ant-select-selection-item"
            title="Node1"
          >
            <span
              class="ant-select-selection-item-content"
            >
              Node1
            </span>
            <span
              aria-hidden="true"
              class="ant-select-selection-item-remove"
              style="user-select:none;-webkit-user-select:none"
              unselectable="on"
            >
              <span
                aria-label="close"
                class="anticon anticon-close"
                role="img"
              >
                <svg
                  aria-hidden="true"
                  data-icon="close"
                  fill="currentColor"
                  fill-rule="evenodd"
                  focusable="false"
                  height="1em"
                  viewBox="64 64 896 896"
                  width="1em"
                >
                  <path
                    d="M799.86 166.31c.02 0 .04.02.08.06l57.69 57.7c.04.03.05.05.06.08a.12.12 0 010 .06c0 .03-.02.05-.06.09L569.93 512l287.7 287.7c.04.04.05.06.06.09a.12.12 0 010 .07c0 .02-.02.04-.06.08l-57.7 57.69c-.03.04-.05.05-.07.06a.12.12 0 01-.07 0c-.03 0-.05-.02-.09-.06L512 569.93l-287.7 287.7c-.04.04-.06.05-.09.06a.12.12 0 01-.07 0c-.02 0-.04-.02-.08-.06l-57.69-57.7c-.04-.03-.05-.05-.06-.07a.12.12 0 010-.07c0-.03.02-.05.06-.09L454.07 512l-287.7-287.7c-.04-.04-.05-.06-.06-.09a.12.12 0 010-.07c0-.02.02-.04.06-.08l57.7-57.69c.03-.04.05-.05.07-.06a.12.12 0 01.07 0c.03 0 .05.02.09.06L512 454.07l287.7-287.7c.04-.04.06-.05.09-.06a.12.12 0 01.07 0z"
                  />
                </svg>
              </span>
            </span>
          </span>
        </div>
        <div
          class="ant-select-selection-overflow-item ant-select-selection-overflow-item-suffix"
          style="opacity:1"
        >
          <div
            class="ant-select-selection-search"
            style="width:0"
          >
            <input
              aria-autocomplete="list"
              aria-controls="undefined_list"
              aria-expanded="false"
              aria-haspopup="listbox"
              aria-owns="undefined_list"
              autocomplete="off"
              class="ant-select-selection-search-input"
              readonly=""
              role="combobox"
              style="opacity:0"
              type="search"
              unselectable="on"
              value=""
            />
            <span
              aria-hidden="true"
              class="ant-select-selection-search-mirror"
            >
            </span>
          </div>
        </div>
      </div>
    </span>
  </div>
  <span
    aria-hidden="true"
    class="ant-select-arrow"
    style="user-select:none;-webkit-user-select:none"
    unselectable="on"
  >
    <span
      aria-label="down"
      class="anticon anticon-down ant-select-suffix"
      role="img"
    >
      <svg
        aria-hidden="true"
        data-icon="down"
        fill="currentColor"
        focusable="false"
        height="1em"
        viewBox="64 64 896 896"
        width="1em"
      >
        <path
          d="M884 256h-75c-5.1 0-9.9 2.5-12.9 6.6L512 654.2 227.9 262.6c-3-4.1-7.8-6.6-12.9-6.6h-75c-6.5 0-10.3 7.4-6.5 12.7l352.6 486.1c12.8 17.6 39 17.6 51.7 0l352.6-486.1c3.9-5.3.1-12.7-6.4-12.7z"
        />
      </svg>
    </span>
  </span>
</div>
`;

exports[`renders components/tree-select/demo/multiple.tsx correctly 1`] = `
<div
  class="ant-select ant-tree-select ant-select-outlined ant-select-multiple ant-select-allow-clear ant-select-show-arrow ant-select-show-search"
  style="width:100%"
>
  <div
    class="ant-select-selector"
  >
    <span
      class="ant-select-selection-wrap"
    >
      <div
        class="ant-select-selection-overflow"
      >
        <div
          class="ant-select-selection-overflow-item ant-select-selection-overflow-item-suffix"
          style="opacity:1"
        >
          <div
            class="ant-select-selection-search"
            style="width:0"
          >
            <input
              aria-autocomplete="list"
              aria-controls="undefined_list"
              aria-expanded="false"
              aria-haspopup="listbox"
              aria-owns="undefined_list"
              autocomplete="off"
              class="ant-select-selection-search-input"
              readonly=""
              role="combobox"
              style="opacity:0"
              type="search"
              unselectable="on"
              value=""
            />
            <span
              aria-hidden="true"
              class="ant-select-selection-search-mirror"
            >
            </span>
          </div>
        </div>
      </div>
      <span
        class="ant-select-selection-placeholder"
      >
        Please select
      </span>
    </span>
  </div>
  <span
    aria-hidden="true"
    class="ant-select-arrow"
    style="user-select:none;-webkit-user-select:none"
    unselectable="on"
  >
    <span
      aria-label="down"
      class="anticon anticon-down ant-select-suffix"
      role="img"
    >
      <svg
        aria-hidden="true"
        data-icon="down"
        fill="currentColor"
        focusable="false"
        height="1em"
        viewBox="64 64 896 896"
        width="1em"
      >
        <path
          d="M884 256h-75c-5.1 0-9.9 2.5-12.9 6.6L512 654.2 227.9 262.6c-3-4.1-7.8-6.6-12.9-6.6h-75c-6.5 0-10.3 7.4-6.5 12.7l352.6 486.1c12.8 17.6 39 17.6 51.7 0l352.6-486.1c3.9-5.3.1-12.7-6.4-12.7z"
        />
      </svg>
    </span>
  </span>
</div>
`;

exports[`renders components/tree-select/demo/placement.tsx correctly 1`] = `
Array [
  <div
    class="ant-radio-group ant-radio-group-outline"
  >
    <label
      class="ant-radio-button-wrapper ant-radio-button-wrapper-checked"
    >
      <span
        class="ant-radio-button ant-radio-button-checked"
      >
        <input
          checked=""
          class="ant-radio-button-input"
          type="radio"
          value="topLeft"
        />
        <span
          class="ant-radio-button-inner"
        />
      </span>
      <span>
        topLeft
      </span>
    </label>
    <label
      class="ant-radio-button-wrapper"
    >
      <span
        class="ant-radio-button"
      >
        <input
          class="ant-radio-button-input"
          type="radio"
          value="topRight"
        />
        <span
          class="ant-radio-button-inner"
        />
      </span>
      <span>
        topRight
      </span>
    </label>
    <label
      class="ant-radio-button-wrapper"
    >
      <span
        class="ant-radio-button"
      >
        <input
          class="ant-radio-button-input"
          type="radio"
          value="bottomLeft"
        />
        <span
          class="ant-radio-button-inner"
        />
      </span>
      <span>
        bottomLeft
      </span>
    </label>
    <label
      class="ant-radio-button-wrapper"
    >
      <span
        class="ant-radio-button"
      >
        <input
          class="ant-radio-button-input"
          type="radio"
          value="bottomRight"
        />
        <span
          class="ant-radio-button-inner"
        />
      </span>
      <span>
        bottomRight
      </span>
    </label>
  </div>,
  <br />,
  <br />,
  <div
    class="ant-select ant-tree-select ant-select-outlined ant-select-single ant-select-allow-clear ant-select-show-arrow ant-select-show-search"
  >
    <div
      class="ant-select-selector"
    >
      <span
        class="ant-select-selection-wrap"
      >
        <span
          class="ant-select-selection-search"
        >
          <input
            aria-autocomplete="list"
            aria-controls="undefined_list"
            aria-expanded="false"
            aria-haspopup="listbox"
            aria-owns="undefined_list"
            autocomplete="off"
            class="ant-select-selection-search-input"
            role="combobox"
            type="search"
            value=""
          />
        </span>
        <span
          class="ant-select-selection-placeholder"
        >
          Please select
        </span>
      </span>
    </div>
    <span
      aria-hidden="true"
      class="ant-select-arrow"
      style="user-select:none;-webkit-user-select:none"
      unselectable="on"
    >
      <span
        aria-label="down"
        class="anticon anticon-down ant-select-suffix"
        role="img"
      >
        <svg
          aria-hidden="true"
          data-icon="down"
          fill="currentColor"
          focusable="false"
          height="1em"
          viewBox="64 64 896 896"
          width="1em"
        >
          <path
            d="M884 256h-75c-5.1 0-9.9 2.5-12.9 6.6L512 654.2 227.9 262.6c-3-4.1-7.8-6.6-12.9-6.6h-75c-6.5 0-10.3 7.4-6.5 12.7l352.6 486.1c12.8 17.6 39 17.6 51.7 0l352.6-486.1c3.9-5.3.1-12.7-6.4-12.7z"
          />
        </svg>
      </span>
    </span>
  </div>,
]
`;

exports[`renders components/tree-select/demo/render-panel.tsx correctly 1`] = `
<div
  style="padding-bottom:0;position:relative;min-width:0"
>
  <div
    class="ant-select ant-tree-select ant-select-outlined ant-select-single ant-select-show-arrow"
    style="width:100%;margin:0"
  >
    <div
      class="ant-select-selector"
    >
      <span
        class="ant-select-selection-wrap"
      >
        <span
          class="ant-select-selection-search"
        >
          <input
            aria-autocomplete="list"
            aria-controls="undefined_list"
            aria-expanded="false"
            aria-haspopup="listbox"
            aria-owns="undefined_list"
            autocomplete="off"
            class="ant-select-selection-search-input"
            readonly=""
            role="combobox"
            style="opacity:0"
            type="search"
            unselectable="on"
            value=""
          />
        </span>
        <span
          class="ant-select-selection-item"
          title="lucy"
        >
          lucy
        </span>
      </span>
    </div>
    <span
      aria-hidden="true"
      class="ant-select-arrow"
      style="user-select:none;-webkit-user-select:none"
      unselectable="on"
    >
      <span
        aria-label="down"
        class="anticon anticon-down ant-select-suffix"
        role="img"
      >
        <svg
          aria-hidden="true"
          data-icon="down"
          fill="currentColor"
          focusable="false"
          height="1em"
          viewBox="64 64 896 896"
          width="1em"
        >
          <path
            d="M884 256h-75c-5.1 0-9.9 2.5-12.9 6.6L512 654.2 227.9 262.6c-3-4.1-7.8-6.6-12.9-6.6h-75c-6.5 0-10.3 7.4-6.5 12.7l352.6 486.1c12.8 17.6 39 17.6 51.7 0l352.6-486.1c3.9-5.3.1-12.7-6.4-12.7z"
          />
        </svg>
      </span>
    </span>
  </div>
</div>
`;

exports[`renders components/tree-select/demo/status.tsx correctly 1`] = `
<div
  class="ant-space ant-space-vertical ant-space-gap-row-small ant-space-gap-col-small"
  style="width:100%"
>
  <div
    class="ant-space-item"
  >
    <div
      class="ant-select ant-tree-select ant-select-outlined ant-select-status-error ant-select-single ant-select-show-arrow"
      style="width:100%"
    >
      <div
        class="ant-select-selector"
      >
        <span
          class="ant-select-selection-wrap"
        >
          <span
            class="ant-select-selection-search"
          >
            <input
              aria-autocomplete="list"
              aria-controls="undefined_list"
              aria-expanded="false"
              aria-haspopup="listbox"
              aria-owns="undefined_list"
              autocomplete="off"
              class="ant-select-selection-search-input"
              readonly=""
              role="combobox"
              style="opacity:0"
              type="search"
              unselectable="on"
              value=""
            />
          </span>
          <span
            class="ant-select-selection-placeholder"
          >
            Error
          </span>
        </span>
      </div>
      <span
        aria-hidden="true"
        class="ant-select-arrow"
        style="user-select:none;-webkit-user-select:none"
        unselectable="on"
      >
        <span
          aria-label="down"
          class="anticon anticon-down ant-select-suffix"
          role="img"
        >
          <svg
            aria-hidden="true"
            data-icon="down"
            fill="currentColor"
            focusable="false"
            height="1em"
            viewBox="64 64 896 896"
            width="1em"
          >
            <path
              d="M884 256h-75c-5.1 0-9.9 2.5-12.9 6.6L512 654.2 227.9 262.6c-3-4.1-7.8-6.6-12.9-6.6h-75c-6.5 0-10.3 7.4-6.5 12.7l352.6 486.1c12.8 17.6 39 17.6 51.7 0l352.6-486.1c3.9-5.3.1-12.7-6.4-12.7z"
            />
          </svg>
        </span>
      </span>
    </div>
  </div>
  <div
    class="ant-space-item"
  >
    <div
      class="ant-select ant-tree-select ant-select-outlined ant-select-status-warning ant-select-multiple ant-select-show-arrow ant-select-show-search"
      style="width:100%"
    >
      <div
        class="ant-select-selector"
      >
        <span
          class="ant-select-selection-wrap"
        >
          <div
            class="ant-select-selection-overflow"
          >
            <div
              class="ant-select-selection-overflow-item ant-select-selection-overflow-item-suffix"
              style="opacity:1"
            >
              <div
                class="ant-select-selection-search"
                style="width:0"
              >
                <input
                  aria-autocomplete="list"
                  aria-controls="undefined_list"
                  aria-expanded="false"
                  aria-haspopup="listbox"
                  aria-owns="undefined_list"
                  autocomplete="off"
                  class="ant-select-selection-search-input"
                  readonly=""
                  role="combobox"
                  style="opacity:0"
                  type="search"
                  unselectable="on"
                  value=""
                />
                <span
                  aria-hidden="true"
                  class="ant-select-selection-search-mirror"
                >
                </span>
              </div>
            </div>
          </div>
          <span
            class="ant-select-selection-placeholder"
          >
            Warning multiple
          </span>
        </span>
      </div>
      <span
        aria-hidden="true"
        class="ant-select-arrow"
        style="user-select:none;-webkit-user-select:none"
        unselectable="on"
      >
        <span
          aria-label="down"
          class="anticon anticon-down ant-select-suffix"
          role="img"
        >
          <svg
            aria-hidden="true"
            data-icon="down"
            fill="currentColor"
            focusable="false"
            height="1em"
            viewBox="64 64 896 896"
            width="1em"
          >
            <path
              d="M884 256h-75c-5.1 0-9.9 2.5-12.9 6.6L512 654.2 227.9 262.6c-3-4.1-7.8-6.6-12.9-6.6h-75c-6.5 0-10.3 7.4-6.5 12.7l352.6 486.1c12.8 17.6 39 17.6 51.7 0l352.6-486.1c3.9-5.3.1-12.7-6.4-12.7z"
            />
          </svg>
        </span>
      </span>
    </div>
  </div>
</div>
`;

exports[`renders components/tree-select/demo/suffix.tsx correctly 1`] = `
Array [
  <div
    class="ant-select ant-tree-select ant-select-outlined ant-select-single ant-select-allow-clear ant-select-show-arrow ant-select-show-search"
    style="width:100%"
  >
    <div
      class="ant-select-selector"
    >
      <span
        class="ant-select-selection-wrap"
      >
        <span
          class="ant-select-selection-search"
        >
          <input
            aria-autocomplete="list"
            aria-controls="undefined_list"
            aria-expanded="false"
            aria-haspopup="listbox"
            aria-owns="undefined_list"
            autocomplete="off"
            class="ant-select-selection-search-input"
            role="combobox"
            type="search"
            value=""
          />
        </span>
        <span
          class="ant-select-selection-placeholder"
        >
          Please select
        </span>
      </span>
    </div>
    <span
      aria-hidden="true"
      class="ant-select-arrow"
      style="user-select:none;-webkit-user-select:none"
      unselectable="on"
    >
      <span
        aria-label="smile"
        class="anticon anticon-smile"
        role="img"
      >
        <svg
          aria-hidden="true"
          data-icon="smile"
          fill="currentColor"
          focusable="false"
          height="1em"
          viewBox="64 64 896 896"
          width="1em"
        >
          <path
            d="M288 421a48 48 0 1096 0 48 48 0 10-96 0zm352 0a48 48 0 1096 0 48 48 0 10-96 0zM512 64C264.6 64 64 264.6 64 512s200.6 448 448 448 448-200.6 448-448S759.4 64 512 64zm263 711c-34.2 34.2-74 61-118.3 79.8C611 874.2 562.3 884 512 884c-50.3 0-99-9.8-144.8-29.2A370.4 370.4 0 01248.9 775c-34.2-34.2-61-74-79.8-118.3C149.8 611 140 562.3 140 512s9.8-99 29.2-144.8A370.4 370.4 0 01249 248.9c34.2-34.2 74-61 118.3-79.8C413 149.8 461.7 140 512 140c50.3 0 99 9.8 144.8 29.2A370.4 370.4 0 01775.1 249c34.2 34.2 61 74 79.8 118.3C874.2 413 884 461.7 884 512s-9.8 99-29.2 144.8A368.89 368.89 0 01775 775zM664 533h-48.1c-4.2 0-7.8 3.2-8.1 7.4C604 589.9 562.5 629 512 629s-92.1-39.1-95.8-88.6c-.3-4.2-3.9-7.4-8.1-7.4H360a8 8 0 00-8 8.4c4.4 84.3 74.5 151.6 160 151.6s155.6-67.3 160-151.6a8 8 0 00-8-8.4z"
          />
        </svg>
      </span>
    </span>
  </div>,
  <br />,
  <br />,
  <div
    class="ant-select ant-tree-select ant-select-outlined ant-select-single ant-select-allow-clear ant-select-show-arrow ant-select-show-search"
    style="width:100%"
  >
    <div
      class="ant-select-selector"
    >
      <div
        class="ant-select-prefix"
      >
        Prefix
      </div>
      <span
        class="ant-select-selection-wrap"
      >
        <span
          class="ant-select-selection-search"
        >
          <input
            aria-autocomplete="list"
            aria-controls="undefined_list"
            aria-expanded="false"
            aria-haspopup="listbox"
            aria-owns="undefined_list"
            autocomplete="off"
            class="ant-select-selection-search-input"
            role="combobox"
            type="search"
            value=""
          />
        </span>
        <span
          class="ant-select-selection-placeholder"
        >
          Please select
        </span>
      </span>
    </div>
    <span
      aria-hidden="true"
      class="ant-select-arrow"
      style="user-select:none;-webkit-user-select:none"
      unselectable="on"
    >
      <span
        aria-label="down"
        class="anticon anticon-down ant-select-suffix"
        role="img"
      >
        <svg
          aria-hidden="true"
          data-icon="down"
          fill="currentColor"
          focusable="false"
          height="1em"
          viewBox="64 64 896 896"
          width="1em"
        >
          <path
            d="M884 256h-75c-5.1 0-9.9 2.5-12.9 6.6L512 654.2 227.9 262.6c-3-4.1-7.8-6.6-12.9-6.6h-75c-6.5 0-10.3 7.4-6.5 12.7l352.6 486.1c12.8 17.6 39 17.6 51.7 0l352.6-486.1c3.9-5.3.1-12.7-6.4-12.7z"
          />
        </svg>
      </span>
    </span>
  </div>,
]
`;

exports[`renders components/tree-select/demo/treeData.tsx correctly 1`] = `
<div
  class="ant-select ant-tree-select ant-select-outlined ant-select-single ant-select-show-arrow"
  style="width:100%"
>
  <div
    class="ant-select-selector"
  >
    <span
      class="ant-select-selection-wrap"
    >
      <span
        class="ant-select-selection-search"
      >
        <input
          aria-autocomplete="list"
          aria-controls="undefined_list"
          aria-expanded="false"
          aria-haspopup="listbox"
          aria-owns="undefined_list"
          autocomplete="off"
          class="ant-select-selection-search-input"
          readonly=""
          role="combobox"
          style="opacity:0"
          type="search"
          unselectable="on"
          value=""
        />
      </span>
      <span
        class="ant-select-selection-placeholder"
      >
        Please select
      </span>
    </span>
  </div>
  <span
    aria-hidden="true"
    class="ant-select-arrow"
    style="user-select:none;-webkit-user-select:none"
    unselectable="on"
  >
    <span
      aria-label="down"
      class="anticon anticon-down ant-select-suffix"
      role="img"
    >
      <svg
        aria-hidden="true"
        data-icon="down"
        fill="currentColor"
        focusable="false"
        height="1em"
        viewBox="64 64 896 896"
        width="1em"
      >
        <path
          d="M884 256h-75c-5.1 0-9.9 2.5-12.9 6.6L512 654.2 227.9 262.6c-3-4.1-7.8-6.6-12.9-6.6h-75c-6.5 0-10.3 7.4-6.5 12.7l352.6 486.1c12.8 17.6 39 17.6 51.7 0l352.6-486.1c3.9-5.3.1-12.7-6.4-12.7z"
        />
      </svg>
    </span>
  </span>
</div>
`;

exports[`renders components/tree-select/demo/treeLine.tsx correctly 1`] = `
<div
  class="ant-space ant-space-vertical ant-space-gap-row-small ant-space-gap-col-small"
>
  <div
    class="ant-space-item"
  >
    <button
      aria-checked="false"
      class="ant-switch"
      role="switch"
      type="button"
    >
      <div
        class="ant-switch-handle"
      />
      <span
        class="ant-switch-inner"
      >
        <span
          class="ant-switch-inner-checked"
        >
          showIcon
        </span>
        <span
          class="ant-switch-inner-unchecked"
        >
          showIcon
        </span>
      </span>
    </button>
  </div>
  <div
    class="ant-space-item"
  >
    <button
      aria-checked="true"
      class="ant-switch ant-switch-checked"
      role="switch"
      type="button"
    >
      <div
        class="ant-switch-handle"
      />
      <span
        class="ant-switch-inner"
      >
        <span
          class="ant-switch-inner-checked"
        >
          treeLine
        </span>
        <span
          class="ant-switch-inner-unchecked"
        >
          treeLine
        </span>
      </span>
    </button>
  </div>
  <div
    class="ant-space-item"
  >
    <button
      aria-checked="false"
      class="ant-switch"
      role="switch"
      type="button"
    >
      <div
        class="ant-switch-handle"
      />
      <span
        class="ant-switch-inner"
      >
        <span
          class="ant-switch-inner-checked"
        >
          showLeafIcon
        </span>
        <span
          class="ant-switch-inner-unchecked"
        >
          showLeafIcon
        </span>
      </span>
    </button>
  </div>
  <div
    class="ant-space-item"
  >
    <div
      class="ant-select ant-tree-select ant-select-outlined ant-select-single ant-select-show-arrow"
      style="width:300px"
    >
      <div
        class="ant-select-selector"
      >
        <span
          class="ant-select-selection-wrap"
        >
          <span
            class="ant-select-selection-search"
          >
            <input
              aria-autocomplete="list"
              aria-controls="undefined_list"
              aria-expanded="false"
              aria-haspopup="listbox"
              aria-owns="undefined_list"
              autocomplete="off"
              class="ant-select-selection-search-input"
              readonly=""
              role="combobox"
              style="opacity:0"
              type="search"
              unselectable="on"
              value=""
            />
          </span>
          <span
            class="ant-select-selection-placeholder"
          />
        </span>
      </div>
      <span
        aria-hidden="true"
        class="ant-select-arrow"
        style="user-select:none;-webkit-user-select:none"
        unselectable="on"
      >
        <span
          aria-label="down"
          class="anticon anticon-down ant-select-suffix"
          role="img"
        >
          <svg
            aria-hidden="true"
            data-icon="down"
            fill="currentColor"
            focusable="false"
            height="1em"
            viewBox="64 64 896 896"
            width="1em"
          >
            <path
              d="M884 256h-75c-5.1 0-9.9 2.5-12.9 6.6L512 654.2 227.9 262.6c-3-4.1-7.8-6.6-12.9-6.6h-75c-6.5 0-10.3 7.4-6.5 12.7l352.6 486.1c12.8 17.6 39 17.6 51.7 0l352.6-486.1c3.9-5.3.1-12.7-6.4-12.7z"
            />
          </svg>
        </span>
      </span>
    </div>
  </div>
</div>
`;
